>>> #Mathematical Function in Python
>>> x = sqrt(25)
Traceback (most recent call last):
  File "<pyshell#1>", line 1, in <module>
    x = sqrt(25)
NameError: name 'sqrt' is not defined
>>> import math
>>> x = math.sqrt(25)
>>> x
5.0
>>> x = math.sqrt(15)
>>> x
3.872983346207417
>>> print(math.floor(2.5))
2
>>> print(math.ceil(2.5))
3
>>> 3**2
9
>>> print(math.pow(3,2))
9.0
>>> #Print PI Value
>>> print(math.pi)
3.141592653589793
>>> print(math.e)
2.718281828459045
>>> 
>>> 
>>> 
>>> import math as m
>>> print(m.e)
2.718281828459045
>>> 
>>> help math
SyntaxError: invalid syntax
>>> help math
SyntaxError: invalid syntax
>>> help ('math')
Help on built-in module math:

NAME
    math
